Archive member included to satisfy reference by file (symbol)

/usr/lib/gcc/arm-none-eabi/14.2.0/../../../../arm-none-eabi/lib/thumb/v7-m/nofp/libc_nano.a(libc_a-memset.o)
                              ./Output/tasks.o (memset)
/usr/lib/gcc/arm-none-eabi/14.2.0/../../../../arm-none-eabi/lib/thumb/v7-m/nofp/libc_nano.a(libc_a-memcpy-stub.o)
                              ./Output/queue.o (memcpy)
/usr/lib/gcc/arm-none-eabi/14.2.0/../../../../arm-none-eabi/lib/thumb/v7-m/nofp/libc_nano.a(libc_a-strlen.o)
                              ./Output/tasks.o (strlen)

Discarded input sections

 .group         0x00000000        0xc ./Output/queue.o
 .group         0x00000000        0xc ./Output/queue.o
 .group         0x00000000        0xc ./Output/queue.o
 .group         0x00000000        0xc ./Output/queue.o
 .group         0x00000000        0xc ./Output/queue.o
 .group         0x00000000        0xc ./Output/queue.o
 .group         0x00000000        0xc ./Output/queue.o
 .group         0x00000000        0xc ./Output/queue.o
 .group         0x00000000        0xc ./Output/queue.o
 .group         0x00000000        0xc ./Output/queue.o
 .group         0x00000000        0xc ./Output/queue.o
 .group         0x00000000        0xc ./Output/queue.o
 .group         0x00000000        0xc ./Output/queue.o
 .group         0x00000000        0xc ./Output/queue.o
 .group         0x00000000        0xc ./Output/queue.o
 .group         0x00000000        0xc ./Output/queue.o
 .group         0x00000000        0xc ./Output/queue.o
 .group         0x00000000        0xc ./Output/queue.o
 .group         0x00000000        0xc ./Output/queue.o
 .group         0x00000000        0xc ./Output/queue.o
 .group         0x00000000        0xc ./Output/queue.o
 .group         0x00000000        0xc ./Output/queue.o
 .group         0x00000000        0xc ./Output/queue.o
 .group         0x00000000        0xc ./Output/queue.o
 .group         0x00000000        0xc ./Output/queue.o
 .group         0x00000000        0xc ./Output/queue.o
 .group         0x00000000        0xc ./Output/queue.o
 .group         0x00000000        0xc ./Output/queue.o
 .group         0x00000000        0xc ./Output/queue.o
 .group         0x00000000        0xc ./Output/queue.o
 .group         0x00000000        0xc ./Output/queue.o
 .group         0x00000000        0xc ./Output/queue.o
 .group         0x00000000        0xc ./Output/queue.o
 .group         0x00000000        0xc ./Output/queue.o
 .group         0x00000000        0xc ./Output/queue.o
 .text          0x00000000        0x0 ./Output/queue.o
 .data          0x00000000        0x0 ./Output/queue.o
 .bss           0x00000000        0x0 ./Output/queue.o
 .text.xQueueGetMutexHolder
                0x00000000       0x1e ./Output/queue.o
 .text.xQueueGetMutexHolderFromISR
                0x00000000       0x10 ./Output/queue.o
 .text.xQueueCreateCountingSemaphore
                0x00000000       0x1a ./Output/queue.o
 .text.xQueueCreateMutex
                0x00000000       0x24 ./Output/queue.o
 .text.xQueueGiveMutexRecursive
                0x00000000       0x2e ./Output/queue.o
 .text.xQueueGenericSendFromISR
                0x00000000       0xb2 ./Output/queue.o
 .text.xQueueGiveFromISR
                0x00000000       0x92 ./Output/queue.o
 .text.xQueueSemaphoreTake
                0x00000000      0x13c ./Output/queue.o
 .text.xQueueTakeMutexRecursive
                0x00000000       0x2c ./Output/queue.o
 .text.xQueuePeek
                0x00000000      0x10a ./Output/queue.o
 .text.xQueueReceiveFromISR
                0x00000000       0x88 ./Output/queue.o
 .text.xQueuePeekFromISR
                0x00000000       0x44 ./Output/queue.o
 .text.uxQueueMessagesWaiting
                0x00000000       0x16 ./Output/queue.o
 .text.uxQueueSpacesAvailable
                0x00000000       0x1a ./Output/queue.o
 .text.uxQueueMessagesWaitingFromISR
                0x00000000        0x8 ./Output/queue.o
 .text.uxQueueGetQueueItemSize
                0x00000000        0x4 ./Output/queue.o
 .text.uxQueueGetQueueLength
                0x00000000        0x4 ./Output/queue.o
 .text.xQueueIsQueueEmptyFromISR
                0x00000000        0xe ./Output/queue.o
 .text.xQueueIsQueueFullFromISR
                0x00000000       0x10 ./Output/queue.o
 .text.vQueueAddToRegistry
                0x00000000       0x40 ./Output/queue.o
 .text.pcQueueGetName
                0x00000000       0x2c ./Output/queue.o
 .text.vQueueUnregisterQueue
                0x00000000       0x34 ./Output/queue.o
 .text.vQueueDelete
                0x00000000       0x12 ./Output/queue.o
 .text.xQueueCreateSet
                0x00000000        0x8 ./Output/queue.o
 .text.xQueueAddToSet
                0x00000000       0x22 ./Output/queue.o
 .text.xQueueRemoveFromSet
                0x00000000       0x20 ./Output/queue.o
 .text.xQueueSelectFromSet
                0x00000000       0x16 ./Output/queue.o
 .text.xQueueSelectFromSetFromISR
                0x00000000       0x14 ./Output/queue.o
 .bss.xQueueRegistry
                0x00000000       0x50 ./Output/queue.o
 .group         0x00000000        0xc ./Output/list.o
 .group         0x00000000        0xc ./Output/list.o
 .group         0x00000000        0xc ./Output/list.o
 .group         0x00000000        0xc ./Output/list.o
 .group         0x00000000        0xc ./Output/list.o
 .group         0x00000000        0xc ./Output/list.o
 .group         0x00000000        0xc ./Output/list.o
 .group         0x00000000        0xc ./Output/list.o
 .group         0x00000000        0xc ./Output/list.o
 .group         0x00000000        0xc ./Output/list.o
 .group         0x00000000        0xc ./Output/list.o
 .group         0x00000000        0xc ./Output/list.o
 .group         0x00000000        0xc ./Output/list.o
 .group         0x00000000        0xc ./Output/list.o
 .group         0x00000000        0xc ./Output/list.o
 .group         0x00000000        0xc ./Output/list.o
 .group         0x00000000        0xc ./Output/list.o
 .group         0x00000000        0xc ./Output/list.o
 .group         0x00000000        0xc ./Output/list.o
 .group         0x00000000        0xc ./Output/list.o
 .group         0x00000000        0xc ./Output/list.o
 .group         0x00000000        0xc ./Output/list.o
 .group         0x00000000        0xc ./Output/list.o
 .group         0x00000000        0xc ./Output/list.o
 .group         0x00000000        0xc ./Output/list.o
 .group         0x00000000        0xc ./Output/list.o
 .group         0x00000000        0xc ./Output/list.o
 .group         0x00000000        0xc ./Output/list.o
 .group         0x00000000        0xc ./Output/list.o
 .group         0x00000000        0xc ./Output/list.o
 .group         0x00000000        0xc ./Output/list.o
 .text          0x00000000        0x0 ./Output/list.o
 .data          0x00000000        0x0 ./Output/list.o
 .bss           0x00000000        0x0 ./Output/list.o
 .text.vListInsertEnd
                0x00000000       0x16 ./Output/list.o
 .debug_macro   0x00000000      0xac0 ./Output/list.o
 .debug_macro   0x00000000       0x24 ./Output/list.o
 .debug_macro   0x00000000       0x22 ./Output/list.o
 .debug_macro   0x00000000       0x6e ./Output/list.o
 .debug_macro   0x00000000       0x94 ./Output/list.o
 .debug_macro   0x00000000       0x3c ./Output/list.o
 .debug_macro   0x00000000       0x34 ./Output/list.o
 .debug_macro   0x00000000       0x16 ./Output/list.o
 .debug_macro   0x00000000      0x11c ./Output/list.o
 .debug_macro   0x00000000       0x9b ./Output/list.o
 .debug_macro   0x00000000       0x57 ./Output/list.o
 .debug_macro   0x00000000      0x364 ./Output/list.o
 .debug_macro   0x00000000       0x16 ./Output/list.o
 .debug_macro   0x00000000       0x4a ./Output/list.o
 .debug_macro   0x00000000       0x34 ./Output/list.o
 .debug_macro   0x00000000       0x10 ./Output/list.o
 .debug_macro   0x00000000       0x58 ./Output/list.o
 .debug_macro   0x00000000      0x1e5 ./Output/list.o
 .debug_macro   0x00000000       0x16 ./Output/list.o
 .debug_macro   0x00000000       0x29 ./Output/list.o
 .debug_macro   0x00000000      0x34e ./Output/list.o
 .debug_macro   0x00000000       0x16 ./Output/list.o
 .debug_macro   0x00000000      0x164 ./Output/list.o
 .debug_macro   0x00000000       0x1c ./Output/list.o
 .debug_macro   0x00000000      0x182 ./Output/list.o
 .debug_macro   0x00000000       0xe7 ./Output/list.o
 .debug_macro   0x00000000       0x3a ./Output/list.o
 .debug_macro   0x00000000       0x1f ./Output/list.o
 .debug_macro   0x00000000       0x12 ./Output/list.o
 .debug_macro   0x00000000      0xfd7 ./Output/list.o
 .debug_macro   0x00000000       0xc3 ./Output/list.o
 .group         0x00000000        0xc ./Output/tasks.o
 .group         0x00000000        0xc ./Output/tasks.o
 .group         0x00000000        0xc ./Output/tasks.o
 .group         0x00000000        0xc ./Output/tasks.o
 .group         0x00000000        0xc ./Output/tasks.o
 .group         0x00000000        0xc ./Output/tasks.o
 .group         0x00000000        0xc ./Output/tasks.o
 .group         0x00000000        0xc ./Output/tasks.o
 .group         0x00000000        0xc ./Output/tasks.o
 .group         0x00000000        0xc ./Output/tasks.o
 .group         0x00000000        0xc ./Output/tasks.o
 .group         0x00000000        0xc ./Output/tasks.o
 .group         0x00000000        0xc ./Output/tasks.o
 .group         0x00000000        0xc ./Output/tasks.o
 .group         0x00000000        0xc ./Output/tasks.o
 .group         0x00000000        0xc ./Output/tasks.o
 .group         0x00000000        0xc ./Output/tasks.o
 .group         0x00000000        0xc ./Output/tasks.o
 .group         0x00000000        0xc ./Output/tasks.o
 .group         0x00000000        0xc ./Output/tasks.o
 .group         0x00000000        0xc ./Output/tasks.o
 .group         0x00000000        0xc ./Output/tasks.o
 .group         0x00000000        0xc ./Output/tasks.o
 .group         0x00000000        0xc ./Output/tasks.o
 .group         0x00000000        0xc ./Output/tasks.o
 .group         0x00000000        0xc ./Output/tasks.o
 .group         0x00000000        0xc ./Output/tasks.o
 .group         0x00000000        0xc ./Output/tasks.o
 .group         0x00000000        0xc ./Output/tasks.o
 .group         0x00000000        0xc ./Output/tasks.o
 .group         0x00000000        0xc ./Output/tasks.o
 .group         0x00000000        0xc ./Output/tasks.o
 .group         0x00000000        0xc ./Output/tasks.o
 .group         0x00000000        0xc ./Output/tasks.o
 .group         0x00000000        0xc ./Output/tasks.o
 .group         0x00000000        0xc ./Output/tasks.o
 .text          0x00000000        0x0 ./Output/tasks.o
 .data          0x00000000        0x0 ./Output/tasks.o
 .bss           0x00000000        0x0 ./Output/tasks.o
 .text.prvSearchForNameWithinSingleList
                0x00000000       0x3e ./Output/tasks.o
 .text.prvTaskIsTaskSuspended
                0x00000000       0x40 ./Output/tasks.o
 .text.vTaskDelete
                0x00000000       0xd0 ./Output/tasks.o
 .text.eTaskGetState
                0x00000000       0x98 ./Output/tasks.o
 .text.uxTaskPriorityGet
                0x00000000       0x1c ./Output/tasks.o
 .text.uxTaskPriorityGetFromISR
                0x00000000       0x30 ./Output/tasks.o
 .text.uxTaskBasePriorityGet
                0x00000000       0x1c ./Output/tasks.o
 .text.uxTaskBasePriorityGetFromISR
                0x00000000       0x30 ./Output/tasks.o
 .text.vTaskPrioritySet
                0x00000000       0xdc ./Output/tasks.o
 .text.vTaskResume
                0x00000000       0x88 ./Output/tasks.o
 .text.xTaskResumeFromISR
                0x00000000       0xac ./Output/tasks.o
 .text.vTaskEndScheduler
                0x00000000       0x34 ./Output/tasks.o
 .text.xTaskGetTickCount
                0x00000000        0xc ./Output/tasks.o
 .text.xTaskGetTickCountFromISR
                0x00000000       0x10 ./Output/tasks.o
 .text.pcTaskGetName
                0x00000000       0x14 ./Output/tasks.o
 .text.xTaskGetIdleTaskHandle
                0x00000000       0x10 ./Output/tasks.o
 .text.xTaskGetIdleTaskHandleForCore
                0x00000000       0x14 ./Output/tasks.o
 .text.xTaskDelayUntil
                0x00000000       0x6c ./Output/tasks.o
 .text.vTaskDelay
                0x00000000       0x3c ./Output/tasks.o
 .text.xTaskGetHandle
                0x00000000       0x78 ./Output/tasks.o
 .text.xTaskCatchUpTicks
                0x00000000       0x30 ./Output/tasks.o
 .text.xTaskAbortDelay
                0x00000000       0x98 ./Output/tasks.o
 .text.vTaskSuspend
                0x00000000       0xe4 ./Output/tasks.o
 .text.vTaskPlaceOnUnorderedEventList
                0x00000000       0x50 ./Output/tasks.o
 .text.vTaskRemoveFromUnorderedEventList
                0x00000000       0xa4 ./Output/tasks.o
 .text.vTaskSetTimeOutState
                0x00000000       0x28 ./Output/tasks.o
 .text.uxTaskGetStackHighWaterMark
                0x00000000       0x1c ./Output/tasks.o
 .text.xTaskGetCurrentTaskHandle
                0x00000000        0xc ./Output/tasks.o
 .text.xTaskGetCurrentTaskHandleForCore
                0x00000000       0x10 ./Output/tasks.o
 .text.xTaskPriorityInherit
                0x00000000       0xa0 ./Output/tasks.o
 .text.vTaskPriorityDisinheritAfterTimeout
                0x00000000       0x90 ./Output/tasks.o
 .text.uxTaskResetEventItemValue
                0x00000000       0x18 ./Output/tasks.o
 .text.pvTaskIncrementMutexHeldCount
                0x00000000       0x14 ./Output/tasks.o
 .text.ulTaskGenericNotifyTake
                0x00000000       0x9c ./Output/tasks.o
 .text.xTaskGenericNotifyWait
                0x00000000       0xc4 ./Output/tasks.o
 .text.xTaskGenericNotify
                0x00000000      0x104 ./Output/tasks.o
 .text.xTaskGenericNotifyFromISR
                0x00000000      0x148 ./Output/tasks.o
 .text.vTaskGenericNotifyGiveFromISR
                0x00000000       0xf4 ./Output/tasks.o
 .text.xTaskGenericNotifyStateClear
                0x00000000       0x38 ./Output/tasks.o
 .text.ulTaskGenericNotifyValueClear
                0x00000000       0x34 ./Output/tasks.o
 .text.vTaskResetState
                0x00000000       0x64 ./Output/tasks.o
 .debug_macro   0x00000000      0xac0 ./Output/tasks.o
 .debug_macro   0x00000000       0x24 ./Output/tasks.o
 .debug_macro   0x00000000       0x22 ./Output/tasks.o
 .debug_macro   0x00000000       0x6e ./Output/tasks.o
 .debug_macro   0x00000000       0x94 ./Output/tasks.o
 .debug_macro   0x00000000       0x3c ./Output/tasks.o
 .debug_macro   0x00000000       0x34 ./Output/tasks.o
 .debug_macro   0x00000000       0x16 ./Output/tasks.o
 .debug_macro   0x00000000      0x11c ./Output/tasks.o
 .debug_macro   0x00000000       0x9b ./Output/tasks.o
 .debug_macro   0x00000000       0x57 ./Output/tasks.o
 .debug_macro   0x00000000      0x364 ./Output/tasks.o
 .debug_macro   0x00000000       0x16 ./Output/tasks.o
 .debug_macro   0x00000000       0x4a ./Output/tasks.o
 .debug_macro   0x00000000       0x34 ./Output/tasks.o
 .debug_macro   0x00000000       0x10 ./Output/tasks.o
 .debug_macro   0x00000000       0x58 ./Output/tasks.o
 .debug_macro   0x00000000      0x1e5 ./Output/tasks.o
 .debug_macro   0x00000000       0x16 ./Output/tasks.o
 .debug_macro   0x00000000       0x29 ./Output/tasks.o
 .debug_macro   0x00000000       0x16 ./Output/tasks.o
 .debug_macro   0x00000000       0x3c ./Output/tasks.o
 .debug_macro   0x00000000      0x34e ./Output/tasks.o
 .debug_macro   0x00000000       0x16 ./Output/tasks.o
 .debug_macro   0x00000000      0x164 ./Output/tasks.o
 .debug_macro   0x00000000       0x1c ./Output/tasks.o
 .debug_macro   0x00000000      0x182 ./Output/tasks.o
 .debug_macro   0x00000000       0xe7 ./Output/tasks.o
 .debug_macro   0x00000000       0x3a ./Output/tasks.o
 .debug_macro   0x00000000       0x1f ./Output/tasks.o
 .debug_macro   0x00000000       0x12 ./Output/tasks.o
 .debug_macro   0x00000000      0xfd7 ./Output/tasks.o
 .debug_macro   0x00000000       0xc3 ./Output/tasks.o
 .debug_macro   0x00000000      0x14f ./Output/tasks.o
 .group         0x00000000        0xc ./Output/heap_4.o
 .group         0x00000000        0xc ./Output/heap_4.o
 .group         0x00000000        0xc ./Output/heap_4.o
 .group         0x00000000        0xc ./Output/heap_4.o
 .group         0x00000000        0xc ./Output/heap_4.o
 .group         0x00000000        0xc ./Output/heap_4.o
 .group         0x00000000        0xc ./Output/heap_4.o
 .group         0x00000000        0xc ./Output/heap_4.o
 .group         0x00000000        0xc ./Output/heap_4.o
 .group         0x00000000        0xc ./Output/heap_4.o
 .group         0x00000000        0xc ./Output/heap_4.o
 .group         0x00000000        0xc ./Output/heap_4.o
 .group         0x00000000        0xc ./Output/heap_4.o
 .group         0x00000000        0xc ./Output/heap_4.o
 .group         0x00000000        0xc ./Output/heap_4.o
 .group         0x00000000        0xc ./Output/heap_4.o
 .group         0x00000000        0xc ./Output/heap_4.o
 .group         0x00000000        0xc ./Output/heap_4.o
 .group         0x00000000        0xc ./Output/heap_4.o
 .group         0x00000000        0xc ./Output/heap_4.o
 .group         0x00000000        0xc ./Output/heap_4.o
 .group         0x00000000        0xc ./Output/heap_4.o
 .group         0x00000000        0xc ./Output/heap_4.o
 .group         0x00000000        0xc ./Output/heap_4.o
 .group         0x00000000        0xc ./Output/heap_4.o
 .group         0x00000000        0xc ./Output/heap_4.o
 .group         0x00000000        0xc ./Output/heap_4.o
 .group         0x00000000        0xc ./Output/heap_4.o
 .group         0x00000000        0xc ./Output/heap_4.o
 .group         0x00000000        0xc ./Output/heap_4.o
 .group         0x00000000        0xc ./Output/heap_4.o
 .group         0x00000000        0xc ./Output/heap_4.o
 .group         0x00000000        0xc ./Output/heap_4.o
 .group         0x00000000        0xc ./Output/heap_4.o
 .text          0x00000000        0x0 ./Output/heap_4.o
 .data          0x00000000        0x0 ./Output/heap_4.o
 .bss           0x00000000        0x0 ./Output/heap_4.o
 .text.xPortGetFreeHeapSize
                0x00000000        0xc ./Output/heap_4.o
 .text.xPortGetMinimumEverFreeHeapSize
                0x00000000        0xc ./Output/heap_4.o
 .text.vPortInitialiseBlocks
                0x00000000        0x2 ./Output/heap_4.o
 .text.pvPortCalloc
                0x00000000       0x2a ./Output/heap_4.o
 .text.vPortGetHeapStats
                0x00000000       0x84 ./Output/heap_4.o
 .text.vPortHeapResetState
                0x00000000       0x2c ./Output/heap_4.o
 .debug_macro   0x00000000      0xac0 ./Output/heap_4.o
 .debug_macro   0x00000000       0x24 ./Output/heap_4.o
 .debug_macro   0x00000000       0x22 ./Output/heap_4.o
 .debug_macro   0x00000000       0x6e ./Output/heap_4.o
 .debug_macro   0x00000000       0x94 ./Output/heap_4.o
 .debug_macro   0x00000000       0x3c ./Output/heap_4.o
 .debug_macro   0x00000000       0x34 ./Output/heap_4.o
 .debug_macro   0x00000000       0x16 ./Output/heap_4.o
 .debug_macro   0x00000000      0x11c ./Output/heap_4.o
 .debug_macro   0x00000000       0x9b ./Output/heap_4.o
 .debug_macro   0x00000000       0x57 ./Output/heap_4.o
 .debug_macro   0x00000000      0x364 ./Output/heap_4.o
 .debug_macro   0x00000000       0x16 ./Output/heap_4.o
 .debug_macro   0x00000000       0x4a ./Output/heap_4.o
 .debug_macro   0x00000000       0x34 ./Output/heap_4.o
 .debug_macro   0x00000000       0x10 ./Output/heap_4.o
 .debug_macro   0x00000000       0x58 ./Output/heap_4.o
 .debug_macro   0x00000000      0x1e5 ./Output/heap_4.o
 .debug_macro   0x00000000       0x16 ./Output/heap_4.o
 .debug_macro   0x00000000       0x29 ./Output/heap_4.o
 .debug_macro   0x00000000       0x16 ./Output/heap_4.o
 .debug_macro   0x00000000       0x3c ./Output/heap_4.o
 .debug_macro   0x00000000      0x34e ./Output/heap_4.o
 .debug_macro   0x00000000       0x16 ./Output/heap_4.o
 .debug_macro   0x00000000      0x164 ./Output/heap_4.o
 .debug_macro   0x00000000       0x1c ./Output/heap_4.o
 .debug_macro   0x00000000      0x182 ./Output/heap_4.o
 .debug_macro   0x00000000       0xe7 ./Output/heap_4.o
 .debug_macro   0x00000000       0x3a ./Output/heap_4.o
 .debug_macro   0x00000000       0x1f ./Output/heap_4.o
 .debug_macro   0x00000000       0x12 ./Output/heap_4.o
 .debug_macro   0x00000000      0xfd7 ./Output/heap_4.o
 .debug_macro   0x00000000       0xc3 ./Output/heap_4.o
 .debug_macro   0x00000000      0x14f ./Output/heap_4.o
 .group         0x00000000        0xc ./Output/port.o
 .group         0x00000000        0xc ./Output/port.o
 .group         0x00000000        0xc ./Output/port.o
 .group         0x00000000        0xc ./Output/port.o
 .group         0x00000000        0xc ./Output/port.o
 .group         0x00000000        0xc ./Output/port.o
 .group         0x00000000        0xc ./Output/port.o
 .group         0x00000000        0xc ./Output/port.o
 .group         0x00000000        0xc ./Output/port.o
 .group         0x00000000        0xc ./Output/port.o
 .group         0x00000000        0xc ./Output/port.o
 .group         0x00000000        0xc ./Output/port.o
 .group         0x00000000        0xc ./Output/port.o
 .group         0x00000000        0xc ./Output/port.o
 .text          0x00000000        0x0 ./Output/port.o
 .data          0x00000000        0x0 ./Output/port.o
 .bss           0x00000000        0x0 ./Output/port.o
 .text.vPortEndScheduler
                0x00000000       0x14 ./Output/port.o
 .text.vPortValidateInterruptPriority
                0x00000000       0x3c ./Output/port.o
 .debug_macro   0x00000000      0xac0 ./Output/port.o
 .debug_macro   0x00000000      0x34e ./Output/port.o
 .debug_macro   0x00000000       0x16 ./Output/port.o
 .debug_macro   0x00000000      0x164 ./Output/port.o
 .debug_macro   0x00000000       0x1c ./Output/port.o
 .debug_macro   0x00000000      0x182 ./Output/port.o
 .debug_macro   0x00000000       0xe7 ./Output/port.o
 .debug_macro   0x00000000       0x3a ./Output/port.o
 .debug_macro   0x00000000       0x1f ./Output/port.o
 .debug_macro   0x00000000       0x12 ./Output/port.o
 .debug_macro   0x00000000      0xfd7 ./Output/port.o
 .debug_macro   0x00000000       0xc3 ./Output/port.o
 .debug_macro   0x00000000      0x14f ./Output/port.o
 .group         0x00000000        0xc ./Output/main.o
 .group         0x00000000        0xc ./Output/main.o
 .group         0x00000000        0xc ./Output/main.o
 .group         0x00000000        0xc ./Output/main.o
 .group         0x00000000        0xc ./Output/main.o
 .group         0x00000000        0xc ./Output/main.o
 .group         0x00000000        0xc ./Output/main.o
 .group         0x00000000        0xc ./Output/main.o
 .group         0x00000000        0xc ./Output/main.o
 .group         0x00000000        0xc ./Output/main.o
 .group         0x00000000        0xc ./Output/main.o
 .group         0x00000000        0xc ./Output/main.o
 .group         0x00000000        0xc ./Output/main.o
 .group         0x00000000        0xc ./Output/main.o
 .group         0x00000000        0xc ./Output/main.o
 .group         0x00000000        0xc ./Output/main.o
 .text          0x00000000        0x0 ./Output/main.o
 .data          0x00000000        0x0 ./Output/main.o
 .bss           0x00000000        0x0 ./Output/main.o
 .debug_macro   0x00000000      0xac0 ./Output/main.o
 .debug_macro   0x00000000      0x190 ./Output/main.o
 .debug_macro   0x00000000      0x34e ./Output/main.o
 .debug_macro   0x00000000       0x16 ./Output/main.o
 .debug_macro   0x00000000      0x164 ./Output/main.o
 .debug_macro   0x00000000       0x1c ./Output/main.o
 .debug_macro   0x00000000      0x182 ./Output/main.o
 .debug_macro   0x00000000       0xe7 ./Output/main.o
 .debug_macro   0x00000000       0x3a ./Output/main.o
 .debug_macro   0x00000000       0x1f ./Output/main.o
 .debug_macro   0x00000000       0x12 ./Output/main.o
 .debug_macro   0x00000000      0xfd7 ./Output/main.o
 .debug_macro   0x00000000       0xc3 ./Output/main.o
 .debug_macro   0x00000000      0x14f ./Output/main.o
 .debug_macro   0x00000000       0x80 ./Output/main.o
 .group         0x00000000        0xc ./Output/uart.o
 .group         0x00000000        0xc ./Output/uart.o
 .group         0x00000000        0xc ./Output/uart.o
 .group         0x00000000        0xc ./Output/uart.o
 .group         0x00000000        0xc ./Output/uart.o
 .group         0x00000000        0xc ./Output/uart.o
 .group         0x00000000        0xc ./Output/uart.o
 .group         0x00000000        0xc ./Output/uart.o
 .group         0x00000000        0xc ./Output/uart.o
 .group         0x00000000        0xc ./Output/uart.o
 .group         0x00000000        0xc ./Output/uart.o
 .group         0x00000000        0xc ./Output/uart.o
 .group         0x00000000        0xc ./Output/uart.o
 .group         0x00000000        0xc ./Output/uart.o
 .text          0x00000000        0x0 ./Output/uart.o
 .data          0x00000000        0x0 ./Output/uart.o
 .bss           0x00000000        0x0 ./Output/uart.o
 .text.UART_putc
                0x00000000        0x8 ./Output/uart.o
 .debug_macro   0x00000000      0xac0 ./Output/uart.o
 .debug_macro   0x00000000      0x190 ./Output/uart.o
 .debug_macro   0x00000000      0x34e ./Output/uart.o
 .debug_macro   0x00000000       0x16 ./Output/uart.o
 .debug_macro   0x00000000      0x164 ./Output/uart.o
 .debug_macro   0x00000000       0x1c ./Output/uart.o
 .debug_macro   0x00000000      0x182 ./Output/uart.o
 .debug_macro   0x00000000       0xe7 ./Output/uart.o
 .debug_macro   0x00000000       0x3a ./Output/uart.o
 .debug_macro   0x00000000       0x1f ./Output/uart.o
 .debug_macro   0x00000000       0x12 ./Output/uart.o
 .debug_macro   0x00000000      0xfd7 ./Output/uart.o
 .group         0x00000000        0xc ./Output/startup.o
 .group         0x00000000        0xc ./Output/startup.o
 .group         0x00000000        0xc ./Output/startup.o
 .group         0x00000000        0xc ./Output/startup.o
 .group         0x00000000        0xc ./Output/startup.o
 .group         0x00000000        0xc ./Output/startup.o
 .group         0x00000000        0xc ./Output/startup.o
 .group         0x00000000        0xc ./Output/startup.o
 .group         0x00000000        0xc ./Output/startup.o
 .group         0x00000000        0xc ./Output/startup.o
 .group         0x00000000        0xc ./Output/startup.o
 .group         0x00000000        0xc ./Output/startup.o
 .group         0x00000000        0xc ./Output/startup.o
 .text          0x00000000        0x0 ./Output/startup.o
 .data          0x00000000        0x0 ./Output/startup.o
 .bss           0x00000000        0x0 ./Output/startup.o
 .debug_macro   0x00000000      0xac0 ./Output/startup.o
 .debug_macro   0x00000000      0x190 ./Output/startup.o
 .debug_macro   0x00000000      0x34e ./Output/startup.o
 .debug_macro   0x00000000       0x16 ./Output/startup.o
 .debug_macro   0x00000000      0x164 ./Output/startup.o
 .debug_macro   0x00000000       0x1c ./Output/startup.o
 .debug_macro   0x00000000      0x182 ./Output/startup.o
 .debug_macro   0x00000000       0xe7 ./Output/startup.o
 .debug_macro   0x00000000       0x3a ./Output/startup.o
 .debug_macro   0x00000000       0x1f ./Output/startup.o
 .debug_macro   0x00000000       0x12 ./Output/startup.o
 .debug_macro   0x00000000      0xfd7 ./Output/startup.o
 .debug_macro   0x00000000       0x22 ./Output/startup.o
 .text          0x00000000        0x0 /usr/lib/gcc/arm-none-eabi/14.2.0/../../../../arm-none-eabi/lib/thumb/v7-m/nofp/libc_nano.a(libc_a-memset.o)
 .data          0x00000000        0x0 /usr/lib/gcc/arm-none-eabi/14.2.0/../../../../arm-none-eabi/lib/thumb/v7-m/nofp/libc_nano.a(libc_a-memset.o)
 .bss           0x00000000        0x0 /usr/lib/gcc/arm-none-eabi/14.2.0/../../../../arm-none-eabi/lib/thumb/v7-m/nofp/libc_nano.a(libc_a-memset.o)
 .text          0x00000000        0x0 /usr/lib/gcc/arm-none-eabi/14.2.0/../../../../arm-none-eabi/lib/thumb/v7-m/nofp/libc_nano.a(libc_a-memcpy-stub.o)
 .data          0x00000000        0x0 /usr/lib/gcc/arm-none-eabi/14.2.0/../../../../arm-none-eabi/lib/thumb/v7-m/nofp/libc_nano.a(libc_a-memcpy-stub.o)
 .bss           0x00000000        0x0 /usr/lib/gcc/arm-none-eabi/14.2.0/../../../../arm-none-eabi/lib/thumb/v7-m/nofp/libc_nano.a(libc_a-memcpy-stub.o)
 .text          0x00000000       0x10 /usr/lib/gcc/arm-none-eabi/14.2.0/../../../../arm-none-eabi/lib/thumb/v7-m/nofp/libc_nano.a(libc_a-strlen.o)
 .data          0x00000000        0x0 /usr/lib/gcc/arm-none-eabi/14.2.0/../../../../arm-none-eabi/lib/thumb/v7-m/nofp/libc_nano.a(libc_a-strlen.o)
 .bss           0x00000000        0x0 /usr/lib/gcc/arm-none-eabi/14.2.0/../../../../arm-none-eabi/lib/thumb/v7-m/nofp/libc_nano.a(libc_a-strlen.o)
 .ARM.extab     0x00000000        0x0 /usr/lib/gcc/arm-none-eabi/14.2.0/../../../../arm-none-eabi/lib/thumb/v7-m/nofp/libc_nano.a(libc_a-strlen.o)
 .ARM.exidx     0x00000000        0x8 /usr/lib/gcc/arm-none-eabi/14.2.0/../../../../arm-none-eabi/lib/thumb/v7-m/nofp/libc_nano.a(libc_a-strlen.o)
 .debug_line    0x00000000       0x4f /usr/lib/gcc/arm-none-eabi/14.2.0/../../../../arm-none-eabi/lib/thumb/v7-m/nofp/libc_nano.a(libc_a-strlen.o)
 .debug_line_str
                0x00000000       0xa3 /usr/lib/gcc/arm-none-eabi/14.2.0/../../../../arm-none-eabi/lib/thumb/v7-m/nofp/libc_nano.a(libc_a-strlen.o)
 .debug_info    0x00000000       0x31 /usr/lib/gcc/arm-none-eabi/14.2.0/../../../../arm-none-eabi/lib/thumb/v7-m/nofp/libc_nano.a(libc_a-strlen.o)
 .debug_abbrev  0x00000000       0x28 /usr/lib/gcc/arm-none-eabi/14.2.0/../../../../arm-none-eabi/lib/thumb/v7-m/nofp/libc_nano.a(libc_a-strlen.o)
 .debug_aranges
                0x00000000       0x20 /usr/lib/gcc/arm-none-eabi/14.2.0/../../../../arm-none-eabi/lib/thumb/v7-m/nofp/libc_nano.a(libc_a-strlen.o)
 .debug_str     0x00000000       0xb6 /usr/lib/gcc/arm-none-eabi/14.2.0/../../../../arm-none-eabi/lib/thumb/v7-m/nofp/libc_nano.a(libc_a-strlen.o)
 .debug_frame   0x00000000       0x20 /usr/lib/gcc/arm-none-eabi/14.2.0/../../../../arm-none-eabi/lib/thumb/v7-m/nofp/libc_nano.a(libc_a-strlen.o)
 .ARM.attributes
                0x00000000       0x17 /usr/lib/gcc/arm-none-eabi/14.2.0/../../../../arm-none-eabi/lib/thumb/v7-m/nofp/libc_nano.a(libc_a-strlen.o)

Memory Configuration

Name             Origin             Length             Attributes
FLASH            0x00000000         0x00400000         xr
RAM              0x20000000         0x00400000         rw
*default*        0x00000000         0xffffffff

Linker script and memory map

LOAD ./Output/queue.o
LOAD ./Output/list.o
LOAD ./Output/tasks.o
LOAD ./Output/heap_4.o
LOAD ./Output/port.o
LOAD ./Output/main.o
LOAD ./Output/uart.o
LOAD ./Output/startup.o
START GROUP
LOAD /usr/lib/gcc/arm-none-eabi/14.2.0/thumb/v7-m/nofp/libgcc.a
LOAD /usr/lib/gcc/arm-none-eabi/14.2.0/../../../../arm-none-eabi/lib/thumb/v7-m/nofp/libc_nano.a
END GROUP
START GROUP
LOAD /usr/lib/gcc/arm-none-eabi/14.2.0/thumb/v7-m/nofp/libgcc.a
LOAD /usr/lib/gcc/arm-none-eabi/14.2.0/../../../../arm-none-eabi/lib/thumb/v7-m/nofp/libc_nano.a
LOAD /usr/lib/gcc/arm-none-eabi/14.2.0/../../../../arm-none-eabi/lib/thumb/v7-m/nofp/libnosys.a
END GROUP
START GROUP
LOAD /usr/lib/gcc/arm-none-eabi/14.2.0/thumb/v7-m/nofp/libgcc.a
LOAD /usr/lib/gcc/arm-none-eabi/14.2.0/../../../../arm-none-eabi/lib/thumb/v7-m/nofp/libc_nano.a
LOAD /usr/lib/gcc/arm-none-eabi/14.2.0/../../../../arm-none-eabi/lib/thumb/v7-m/nofp/libnosys.a
END GROUP
                0x00000008                        _Min_Heap_Size = 0x8
                0x00000400                        _Min_Stack_Size = 0x400
                0x20400000                        _estack = (ORIGIN (RAM) + LENGTH (RAM))

.isr_vector     0x00000000       0x78
                0x00000000                        __vector_table = .
 *(.isr_vector)
 .isr_vector    0x00000000       0x78 ./Output/startup.o
                0x00000000                isr_vector
                0x00000078                        . = ALIGN (0x4)

.text           0x00000078       0x6c
 *(.text)
 *(.rodata*)
 .rodata.vTaskStartScheduler.str1.1
                0x00000078       0x67 ./Output/tasks.o
                                  0x5 (size before relaxing)
 *fill*         0x000000df        0x1 
 .rodata.uxTopUsedPriority
                0x000000e0        0x4 ./Output/tasks.o
 .rodata.vProducer.str1.1
                0x000000e4        0xd ./Output/main.o
 .rodata.vConsumer.str1.1
                0x000000e4        0xd ./Output/main.o
 .rodata.main.str1.1
                0x000000e4       0x12 ./Output/main.o
 .rodata.prvGetRegistersFromStack.str1.1
                0x000000e4       0x36 ./Output/startup.o
 *(.constdata*)
                0x000000e4                        _etext = .
                0x000000e4                        _sidata = .

.glue_7         0x000000e4        0x0
 .glue_7        0x000000e4        0x0 linker stubs

.glue_7t        0x000000e4        0x0
 .glue_7t       0x000000e4        0x0 linker stubs

.vfp11_veneer   0x000000e4        0x0
 .vfp11_veneer  0x000000e4        0x0 linker stubs

.v4_bx          0x000000e4        0x0
 .v4_bx         0x000000e4        0x0 linker stubs

.text.prvIsQueueEmpty
                0x000000e4       0x16
 .text.prvIsQueueEmpty
                0x000000e4       0x16 ./Output/queue.o

.text.prvCopyDataToQueue
                0x000000fa       0x66
 .text.prvCopyDataToQueue
                0x000000fa       0x66 ./Output/queue.o

.text.prvCopyDataFromQueue
                0x00000160       0x26
 .text.prvCopyDataFromQueue
                0x00000160       0x26 ./Output/queue.o

.text.prvNotifyQueueSetContainer
                0x00000186       0x64
 .text.prvNotifyQueueSetContainer
                0x00000186       0x64 ./Output/queue.o

.text.prvUnlockQueue
                0x000001ea       0x78
 .text.prvUnlockQueue
                0x000001ea       0x78 ./Output/queue.o

.text.xQueueGenericReset
                0x00000262       0x7a
 .text.xQueueGenericReset
                0x00000262       0x7a ./Output/queue.o
                0x00000262                xQueueGenericReset

.text.xQueueGenericCreate
                0x000002dc       0x42
 .text.xQueueGenericCreate
                0x000002dc       0x42 ./Output/queue.o
                0x000002dc                xQueueGenericCreate

.text.xQueueGenericSend
                0x0000031e      0x13c
 .text.xQueueGenericSend
                0x0000031e      0x13c ./Output/queue.o
                0x0000031e                xQueueGenericSend

.text.xQueueReceive
                0x0000045a      0x10e
 .text.xQueueReceive
                0x0000045a      0x10e ./Output/queue.o
                0x0000045a                xQueueReceive

.iplt           0x00000568        0x0
 .iplt          0x00000568        0x0 ./Output/queue.o

.text.vListInitialise
                0x00000568       0x16
 .text.vListInitialise
                0x00000568       0x16 ./Output/list.o
                0x00000568                vListInitialise

.text.vListInitialiseItem
                0x0000057e        0x6
 .text.vListInitialiseItem
                0x0000057e        0x6 ./Output/list.o
                0x0000057e                vListInitialiseItem

.text.vListInsert
                0x00000584       0x2e
 .text.vListInsert
                0x00000584       0x2e ./Output/list.o
                0x00000584                vListInsert

.text.uxListRemove
                0x000005b2       0x1e
 .text.uxListRemove
                0x000005b2       0x1e ./Output/list.o
                0x000005b2                uxListRemove

.text.prvAddCurrentTaskToDelayedList
                0x000005d0       0xb4
 .text.prvAddCurrentTaskToDelayedList
                0x000005d0       0xb4 ./Output/tasks.o

.text.prvResetNextTaskUnblockTime
                0x00000684       0x24
 .text.prvResetNextTaskUnblockTime
                0x00000684       0x24 ./Output/tasks.o

.text.prvCheckTasksWaitingTermination
                0x000006a8       0x48
 .text.prvCheckTasksWaitingTermination
                0x000006a8       0x48 ./Output/tasks.o

.text.prvIdleTask
                0x000006f0        0x8
 .text.prvIdleTask
                0x000006f0        0x8 ./Output/tasks.o

.text.xTaskCreate
                0x000006f8      0x1c0
 .text.xTaskCreate
                0x000006f8      0x1c0 ./Output/tasks.o
                0x000006f8                xTaskCreate

.text.vTaskStartScheduler
                0x000008b8       0x78
 .text.vTaskStartScheduler
                0x000008b8       0x78 ./Output/tasks.o
                0x000008b8                vTaskStartScheduler

.text.vTaskSuspendAll
                0x00000930       0x10
 .text.vTaskSuspendAll
                0x00000930       0x10 ./Output/tasks.o
                0x00000930                vTaskSuspendAll

.text.uxTaskGetNumberOfTasks
                0x00000940        0xc
 .text.uxTaskGetNumberOfTasks
                0x00000940        0xc ./Output/tasks.o
                0x00000940                uxTaskGetNumberOfTasks

.text.xTaskIncrementTick
                0x0000094c      0x180
 .text.xTaskIncrementTick
                0x0000094c      0x180 ./Output/tasks.o
                0x0000094c                xTaskIncrementTick

.text.xTaskResumeAll
                0x00000acc      0x150
 .text.xTaskResumeAll
                0x00000acc      0x150 ./Output/tasks.o
                0x00000acc                xTaskResumeAll

.text.vTaskSwitchContext
                0x00000c1c       0x60
 .text.vTaskSwitchContext
                0x00000c1c       0x60 ./Output/tasks.o
                0x00000c1c                vTaskSwitchContext

.text.vTaskPlaceOnEventList
                0x00000c7c       0x24
 .text.vTaskPlaceOnEventList
                0x00000c7c       0x24 ./Output/tasks.o
                0x00000c7c                vTaskPlaceOnEventList

.text.xTaskRemoveFromEventList
                0x00000ca0       0xbc
 .text.xTaskRemoveFromEventList
                0x00000ca0       0xbc ./Output/tasks.o
                0x00000ca0                xTaskRemoveFromEventList

.text.vTaskInternalSetTimeOutState
                0x00000d5c       0x18
 .text.vTaskInternalSetTimeOutState
                0x00000d5c       0x18 ./Output/tasks.o
                0x00000d5c                vTaskInternalSetTimeOutState

.text.xTaskCheckForTimeOut
                0x00000d74       0x70
 .text.xTaskCheckForTimeOut
                0x00000d74       0x70 ./Output/tasks.o
                0x00000d74                xTaskCheckForTimeOut

.text.vTaskMissedYield
                0x00000de4        0xc
 .text.vTaskMissedYield
                0x00000de4        0xc ./Output/tasks.o
                0x00000de4                vTaskMissedYield

.text.xTaskGetSchedulerState
                0x00000df0       0x20
 .text.xTaskGetSchedulerState
                0x00000df0       0x20 ./Output/tasks.o
                0x00000df0                xTaskGetSchedulerState

.text.xTaskPriorityDisinherit
                0x00000e10       0x84
 .text.xTaskPriorityDisinherit
                0x00000e10       0x84 ./Output/tasks.o
                0x00000e10                xTaskPriorityDisinherit

.text.pvPortMalloc
                0x00000e94      0x130
 .text.pvPortMalloc
                0x00000e94      0x130 ./Output/heap_4.o
                0x00000e94                pvPortMalloc

.text.vPortFree
                0x00000fc4       0xbc
 .text.vPortFree
                0x00000fc4       0xbc ./Output/heap_4.o
                0x00000fc4                vPortFree

.text.prvTaskExitError
                0x00001080       0x30
 .text.prvTaskExitError
                0x00001080       0x30 ./Output/port.o

.text.vPortSVCHandler
                0x000010b0       0x24
 .text.vPortSVCHandler
                0x000010b0       0x24 ./Output/port.o
                0x000010b0                vPortSVCHandler

.text.prvPortStartFirstTask
                0x000010d4       0x20
 .text.prvPortStartFirstTask
                0x000010d4       0x20 ./Output/port.o

.text.xPortPendSVHandler
                0x000010f4       0x44
 .text.xPortPendSVHandler
                0x000010f4       0x44 ./Output/port.o
                0x000010f4                xPortPendSVHandler

.text.pxPortInitialiseStack
                0x00001138       0x24
 .text.pxPortInitialiseStack
                0x00001138       0x24 ./Output/port.o
                0x00001138                pxPortInitialiseStack

.text.vPortEnterCritical
                0x0000115c       0x30
 .text.vPortEnterCritical
                0x0000115c       0x30 ./Output/port.o
                0x0000115c                vPortEnterCritical

.text.vPortExitCritical
                0x0000118c       0x18
 .text.vPortExitCritical
                0x0000118c       0x18 ./Output/port.o
                0x0000118c                vPortExitCritical

.text.xPortSysTickHandler
                0x000011a4       0x2c
 .text.xPortSysTickHandler
                0x000011a4       0x2c ./Output/port.o
                0x000011a4                xPortSysTickHandler

.text.vPortSetupTimerInterrupt
                0x000011d0       0x16
 .text.vPortSetupTimerInterrupt
                0x000011d0       0x16 ./Output/port.o
                0x000011d0                vPortSetupTimerInterrupt

.text.xPortStartScheduler
                0x000011e8       0xe4
 .text.xPortStartScheduler
                0x000011e8       0xe4 ./Output/port.o
                0x000011e8                xPortStartScheduler

.text.vProducer
                0x000012cc       0x2c
 .text.vProducer
                0x000012cc       0x2c ./Output/main.o
                0x000012cc                vProducer

.text.vConsumer
                0x000012f8       0x28
 .text.vConsumer
                0x000012f8       0x28 ./Output/main.o
                0x000012f8                vConsumer

.text.startup.main
                0x00001320       0x58
 .text.startup.main
                0x00001320       0x58 ./Output/main.o
                0x00001320                main

.text.UART_init
                0x00001378        0xe
 .text.UART_init
                0x00001378        0xe ./Output/uart.o
                0x00001378                UART_init

.text.UART_print_int
                0x00001386       0x54
 .text.UART_print_int
                0x00001386       0x54 ./Output/uart.o
                0x00001386                UART_print_int

.text.UART_printf
                0x000013da       0x4a
 .text.UART_printf
                0x000013da       0x4a ./Output/uart.o
                0x000013da                UART_printf

.text.Default_Handler
                0x00001500        0xc
 .text.Default_Handler
                0x00001500        0xc ./Output/startup.o

.text.HardFault_Handler
                0x00001600       0x18
 .text.HardFault_Handler
                0x00001600       0x18 ./Output/startup.o

.text.Reset_Handler
                0x00001618        0x4
 .text.Reset_Handler
                0x00001618        0x4 ./Output/startup.o
                0x00001618                Reset_Handler

.text.prvGetRegistersFromStack
                0x0000161c       0x60
 .text.prvGetRegistersFromStack
                0x0000161c       0x60 ./Output/startup.o
                0x0000161c                prvGetRegistersFromStack

.text.memset    0x0000167c       0x10
 .text.memset   0x0000167c       0x10 /usr/lib/gcc/arm-none-eabi/14.2.0/../../../../arm-none-eabi/lib/thumb/v7-m/nofp/libc_nano.a(libc_a-memset.o)
                0x0000167c                memset

.text.memcpy    0x0000168c       0x1c
 .text.memcpy   0x0000168c       0x1c /usr/lib/gcc/arm-none-eabi/14.2.0/../../../../arm-none-eabi/lib/thumb/v7-m/nofp/libc_nano.a(libc_a-memcpy-stub.o)
                0x0000168c                memcpy

.rel.dyn        0x000016a8        0x0
 .rel.iplt      0x000016a8        0x0 ./Output/queue.o

.data           0x20000000        0x0
                0x20000000                        . = ALIGN (0x8)
                0x20000000                        _data = .
                0x20000000                        _sdata = .
 *(vtable)
 *(.data)
                0x20000000                        _edata = .

.igot.plt       0x20000000        0x0
 .igot.plt      0x20000000        0x0 ./Output/queue.o

.data.uxCriticalNesting
                0x20000000        0x4
 .data.uxCriticalNesting
                0x20000000        0x4 ./Output/port.o

.bss            0x20000004        0x4
                0x20000008                        . = ALIGN (0x8)
 *fill*         0x20000004        0x4 
                0x20000008                        _bss = .
                0x20000008                        _sbss = .
 *(.bss)
                0x20000008                        _ebss = .

.bss.uxSchedulerSuspended
                0x20000008        0x4
 .bss.uxSchedulerSuspended
                0x20000008        0x4 ./Output/tasks.o

.bss.xIdleTaskHandles
                0x2000000c        0x4
 .bss.xIdleTaskHandles
                0x2000000c        0x4 ./Output/tasks.o

.bss.xNextTaskUnblockTime
                0x20000010        0x4
 .bss.xNextTaskUnblockTime
                0x20000010        0x4 ./Output/tasks.o

.bss.uxTaskNumber
                0x20000014        0x4
 .bss.uxTaskNumber
                0x20000014        0x4 ./Output/tasks.o

.bss.xNumOfOverflows
                0x20000018        0x4
 .bss.xNumOfOverflows
                0x20000018        0x4 ./Output/tasks.o

.bss.xYieldPendings
                0x2000001c        0x4
 .bss.xYieldPendings
                0x2000001c        0x4 ./Output/tasks.o

.bss.xPendedTicks
                0x20000020        0x4
 .bss.xPendedTicks
                0x20000020        0x4 ./Output/tasks.o

.bss.xSchedulerRunning
                0x20000024        0x4
 .bss.xSchedulerRunning
                0x20000024        0x4 ./Output/tasks.o

.bss.uxTopReadyPriority
                0x20000028        0x4
 .bss.uxTopReadyPriority
                0x20000028        0x4 ./Output/tasks.o

.bss.xTickCount
                0x2000002c        0x4
 .bss.xTickCount
                0x2000002c        0x4 ./Output/tasks.o

.bss.uxCurrentNumberOfTasks
                0x20000030        0x4
 .bss.uxCurrentNumberOfTasks
                0x20000030        0x4 ./Output/tasks.o

.bss.xSuspendedTaskList
                0x20000034       0x14
 .bss.xSuspendedTaskList
                0x20000034       0x14 ./Output/tasks.o

.bss.uxDeletedTasksWaitingCleanUp
                0x20000048        0x4
 .bss.uxDeletedTasksWaitingCleanUp
                0x20000048        0x4 ./Output/tasks.o

.bss.xTasksWaitingTermination
                0x2000004c       0x14
 .bss.xTasksWaitingTermination
                0x2000004c       0x14 ./Output/tasks.o

.bss.xPendingReadyList
                0x20000060       0x14
 .bss.xPendingReadyList
                0x20000060       0x14 ./Output/tasks.o

.bss.pxOverflowDelayedTaskList
                0x20000074        0x4
 .bss.pxOverflowDelayedTaskList
                0x20000074        0x4 ./Output/tasks.o

.bss.pxDelayedTaskList
                0x20000078        0x4
 .bss.pxDelayedTaskList
                0x20000078        0x4 ./Output/tasks.o

.bss.xDelayedTaskList2
                0x2000007c       0x14
 .bss.xDelayedTaskList2
                0x2000007c       0x14 ./Output/tasks.o

.bss.xDelayedTaskList1
                0x20000090       0x14
 .bss.xDelayedTaskList1
                0x20000090       0x14 ./Output/tasks.o

.bss.pxReadyTasksLists
                0x200000a4       0xb4
 .bss.pxReadyTasksLists
                0x200000a4       0xb4 ./Output/tasks.o

.bss.pxCurrentTCB
                0x20000158        0x4
 .bss.pxCurrentTCB
                0x20000158        0x4 ./Output/tasks.o
                0x20000158                pxCurrentTCB

.bss.xNumberOfSuccessfulFrees
                0x2000015c        0x4
 .bss.xNumberOfSuccessfulFrees
                0x2000015c        0x4 ./Output/heap_4.o

.bss.xNumberOfSuccessfulAllocations
                0x20000160        0x4
 .bss.xNumberOfSuccessfulAllocations
                0x20000160        0x4 ./Output/heap_4.o

.bss.xMinimumEverFreeBytesRemaining
                0x20000164        0x4
 .bss.xMinimumEverFreeBytesRemaining
                0x20000164        0x4 ./Output/heap_4.o

.bss.xFreeBytesRemaining
                0x20000168        0x4
 .bss.xFreeBytesRemaining
                0x20000168        0x4 ./Output/heap_4.o

.bss.pxEnd      0x2000016c        0x4
 .bss.pxEnd     0x2000016c        0x4 ./Output/heap_4.o

.bss.xStart     0x20000170        0x8
 .bss.xStart    0x20000170        0x8 ./Output/heap_4.o

.bss.ucHeap     0x20000178     0xf000
 .bss.ucHeap    0x20000178     0xf000 ./Output/heap_4.o

.bss.ulMaxPRIGROUPValue
                0x2000f178        0x4
 .bss.ulMaxPRIGROUPValue
                0x2000f178        0x4 ./Output/port.o

.bss.ucMaxSysCallPriority
                0x2000f17c        0x1
 .bss.ucMaxSysCallPriority
                0x2000f17c        0x1 ./Output/port.o

.bss.queueHandler
                0x2000f180        0x4
 .bss.queueHandler
                0x2000f180        0x4 ./Output/main.o
                0x2000f180                queueHandler

.bss.psr        0x2000f184        0x4
 .bss.psr       0x2000f184        0x4 ./Output/startup.o
                0x2000f184                psr

.bss.pc         0x2000f188        0x4
 .bss.pc        0x2000f188        0x4 ./Output/startup.o
                0x2000f188                pc

.bss.lr         0x2000f18c        0x4
 .bss.lr        0x2000f18c        0x4 ./Output/startup.o
                0x2000f18c                lr

.bss.r12        0x2000f190        0x4
 .bss.r12       0x2000f190        0x4 ./Output/startup.o
                0x2000f190                r12

.bss.r3         0x2000f194        0x4
 .bss.r3        0x2000f194        0x4 ./Output/startup.o
                0x2000f194                r3

.bss.r2         0x2000f198        0x4
 .bss.r2        0x2000f198        0x4 ./Output/startup.o
                0x2000f198                r2

.bss.r1         0x2000f19c        0x4
 .bss.r1        0x2000f19c        0x4 ./Output/startup.o
                0x2000f19c                r1

.bss.r0         0x2000f1a0        0x4
 .bss.r0        0x2000f1a0        0x4 ./Output/startup.o
                0x2000f1a0                r0

.heap           0x2000f1a4      0x40c
                0x2000f1a8                        . = ALIGN (0x8)
 *fill*         0x2000f1a4        0x4 
                [!provide]                        PROVIDE (end = .)
                [!provide]                        PROVIDE (_end = .)
                0x2000f1a8                        _heap_bottom = .
                0x2000f1b0                        . = (. + _Min_Heap_Size)
 *fill*         0x2000f1a8        0x8 
                0x2000f1b0                        _heap_top = .
                0x2000f5b0                        . = (. + _Min_Stack_Size)
 *fill*         0x2000f1b0      0x400 
                0x2000f5b0                        . = ALIGN (0x8)
                0x20400000                        __StackTop = (ORIGIN (RAM) + LENGTH (RAM))
                0x203ffc00                        __StackLimit = (__StackTop - _Min_Stack_Size)
                [!provide]                        PROVIDE (__stack = __StackTop)
                0x00000001                        ASSERT ((__StackLimit >= _heap_top), region RAM overflowed with stack)
OUTPUT(./Output/demo.elf elf32-littlearm)
LOAD linker stubs

.debug_info     0x00000000     0x6a4c
 .debug_info    0x00000000     0x2284 ./Output/queue.o
 .debug_info    0x00002284      0x2b2 ./Output/list.o
 .debug_info    0x00002536     0x305b ./Output/tasks.o
 .debug_info    0x00005591      0x5d7 ./Output/heap_4.o
 .debug_info    0x00005b68      0x465 ./Output/port.o
 .debug_info    0x00005fcd      0x3d3 ./Output/main.o
 .debug_info    0x000063a0      0x2af ./Output/uart.o
 .debug_info    0x0000664f      0x1fc ./Output/startup.o
 .debug_info    0x0000684b       0xe0 /usr/lib/gcc/arm-none-eabi/14.2.0/../../../../arm-none-eabi/lib/thumb/v7-m/nofp/libc_nano.a(libc_a-memset.o)
 .debug_info    0x0000692b      0x121 /usr/lib/gcc/arm-none-eabi/14.2.0/../../../../arm-none-eabi/lib/thumb/v7-m/nofp/libc_nano.a(libc_a-memcpy-stub.o)

.debug_abbrev   0x00000000     0x1601
 .debug_abbrev  0x00000000      0x464 ./Output/queue.o
 .debug_abbrev  0x00000464      0x105 ./Output/list.o
 .debug_abbrev  0x00000569      0x4ff ./Output/tasks.o
 .debug_abbrev  0x00000a68      0x2d2 ./Output/heap_4.o
 .debug_abbrev  0x00000d3a      0x2a7 ./Output/port.o
 .debug_abbrev  0x00000fe1      0x162 ./Output/main.o
 .debug_abbrev  0x00001143      0x1f5 ./Output/uart.o
 .debug_abbrev  0x00001338      0x16a ./Output/startup.o
 .debug_abbrev  0x000014a2       0x9e /usr/lib/gcc/arm-none-eabi/14.2.0/../../../../arm-none-eabi/lib/thumb/v7-m/nofp/libc_nano.a(libc_a-memset.o)
 .debug_abbrev  0x00001540       0xc1 /usr/lib/gcc/arm-none-eabi/14.2.0/../../../../arm-none-eabi/lib/thumb/v7-m/nofp/libc_nano.a(libc_a-memcpy-stub.o)

.debug_loclists
                0x00000000     0x328f
 .debug_loclists
                0x00000000     0x101f ./Output/queue.o
 .debug_loclists
                0x0000101f       0x77 ./Output/list.o
 .debug_loclists
                0x00001096     0x1b4f ./Output/tasks.o
 .debug_loclists
                0x00002be5      0x370 ./Output/heap_4.o
 .debug_loclists
                0x00002f55       0xb1 ./Output/port.o
 .debug_loclists
                0x00003006       0x80 ./Output/main.o
 .debug_loclists
                0x00003086       0xf8 ./Output/uart.o
 .debug_loclists
                0x0000317e       0x29 ./Output/startup.o
 .debug_loclists
                0x000031a7       0x3b /usr/lib/gcc/arm-none-eabi/14.2.0/../../../../arm-none-eabi/lib/thumb/v7-m/nofp/libc_nano.a(libc_a-memset.o)
 .debug_loclists
                0x000031e2       0xad /usr/lib/gcc/arm-none-eabi/14.2.0/../../../../arm-none-eabi/lib/thumb/v7-m/nofp/libc_nano.a(libc_a-memcpy-stub.o)

.debug_aranges  0x00000000      0x520
 .debug_aranges
                0x00000000      0x140 ./Output/queue.o
 .debug_aranges
                0x00000140       0x40 ./Output/list.o
 .debug_aranges
                0x00000180      0x1f0 ./Output/tasks.o
 .debug_aranges
                0x00000370       0x58 ./Output/heap_4.o
 .debug_aranges
                0x000003c8       0x78 ./Output/port.o
 .debug_aranges
                0x00000440       0x30 ./Output/main.o
 .debug_aranges
                0x00000470       0x38 ./Output/uart.o
 .debug_aranges
                0x000004a8       0x38 ./Output/startup.o
 .debug_aranges
                0x000004e0       0x20 /usr/lib/gcc/arm-none-eabi/14.2.0/../../../../arm-none-eabi/lib/thumb/v7-m/nofp/libc_nano.a(libc_a-memset.o)
 .debug_aranges
                0x00000500       0x20 /usr/lib/gcc/arm-none-eabi/14.2.0/../../../../arm-none-eabi/lib/thumb/v7-m/nofp/libc_nano.a(libc_a-memcpy-stub.o)

.debug_rnglists
                0x00000000      0x667
 .debug_rnglists
                0x00000000      0x1cc ./Output/queue.o
 .debug_rnglists
                0x000001cc       0x2b ./Output/list.o
 .debug_rnglists
                0x000001f7      0x303 ./Output/tasks.o
 .debug_rnglists
                0x000004fa       0x4c ./Output/heap_4.o
 .debug_rnglists
                0x00000546       0x6e ./Output/port.o
 .debug_rnglists
                0x000005b4       0x1f ./Output/main.o
 .debug_rnglists
                0x000005d3       0x49 ./Output/uart.o
 .debug_rnglists
                0x0000061c       0x25 ./Output/startup.o
 .debug_rnglists
                0x00000641       0x13 /usr/lib/gcc/arm-none-eabi/14.2.0/../../../../arm-none-eabi/lib/thumb/v7-m/nofp/libc_nano.a(libc_a-memset.o)
 .debug_rnglists
                0x00000654       0x13 /usr/lib/gcc/arm-none-eabi/14.2.0/../../../../arm-none-eabi/lib/thumb/v7-m/nofp/libc_nano.a(libc_a-memcpy-stub.o)

.debug_macro    0x00000000     0x3dff
 .debug_macro   0x00000000      0x20d ./Output/queue.o
 .debug_macro   0x0000020d      0xac0 ./Output/queue.o
 .debug_macro   0x00000ccd       0x24 ./Output/queue.o
 .debug_macro   0x00000cf1       0x22 ./Output/queue.o
 .debug_macro   0x00000d13       0x6e ./Output/queue.o
 .debug_macro   0x00000d81       0x94 ./Output/queue.o
 .debug_macro   0x00000e15       0x3c ./Output/queue.o
 .debug_macro   0x00000e51       0x34 ./Output/queue.o
 .debug_macro   0x00000e85       0x16 ./Output/queue.o
 .debug_macro   0x00000e9b      0x11c ./Output/queue.o
 .debug_macro   0x00000fb7       0x9b ./Output/queue.o
 .debug_macro   0x00001052       0x57 ./Output/queue.o
 .debug_macro   0x000010a9      0x364 ./Output/queue.o
 .debug_macro   0x0000140d       0x16 ./Output/queue.o
 .debug_macro   0x00001423       0x4a ./Output/queue.o
 .debug_macro   0x0000146d       0x34 ./Output/queue.o
 .debug_macro   0x000014a1       0x10 ./Output/queue.o
 .debug_macro   0x000014b1       0x58 ./Output/queue.o
 .debug_macro   0x00001509      0x1e5 ./Output/queue.o
 .debug_macro   0x000016ee       0x16 ./Output/queue.o
 .debug_macro   0x00001704       0x29 ./Output/queue.o
 .debug_macro   0x0000172d       0x16 ./Output/queue.o
 .debug_macro   0x00001743       0x3c ./Output/queue.o
 .debug_macro   0x0000177f      0x34e ./Output/queue.o
 .debug_macro   0x00001acd       0x16 ./Output/queue.o
 .debug_macro   0x00001ae3      0x164 ./Output/queue.o
 .debug_macro   0x00001c47       0x1c ./Output/queue.o
 .debug_macro   0x00001c63      0x182 ./Output/queue.o
 .debug_macro   0x00001de5       0xe7 ./Output/queue.o
 .debug_macro   0x00001ecc       0x3a ./Output/queue.o
 .debug_macro   0x00001f06       0x1f ./Output/queue.o
 .debug_macro   0x00001f25       0x12 ./Output/queue.o
 .debug_macro   0x00001f37      0xfd7 ./Output/queue.o
 .debug_macro   0x00002f0e       0xc3 ./Output/queue.o
 .debug_macro   0x00002fd1      0x14f ./Output/queue.o
 .debug_macro   0x00003120       0x80 ./Output/queue.o
 .debug_macro   0x000031a0      0x17b ./Output/list.o
 .debug_macro   0x0000331b      0x293 ./Output/tasks.o
 .debug_macro   0x000035ae       0x98 ./Output/tasks.o
 .debug_macro   0x00003646       0x17 ./Output/tasks.o
 .debug_macro   0x0000365d      0x20b ./Output/heap_4.o
 .debug_macro   0x00003868      0x16c ./Output/port.o
 .debug_macro   0x000039d4      0x190 ./Output/port.o
 .debug_macro   0x00003b64       0xc2 ./Output/main.o
 .debug_macro   0x00003c26       0x28 ./Output/main.o
 .debug_macro   0x00003c4e       0xa0 ./Output/uart.o
 .debug_macro   0x00003cee       0x22 ./Output/uart.o
 .debug_macro   0x00003d10       0x58 ./Output/uart.o
 .debug_macro   0x00003d68       0x97 ./Output/startup.o

.debug_line     0x00000000     0x6099
 .debug_line    0x00000000     0x1aab ./Output/queue.o
 .debug_line    0x00001aab      0x46a ./Output/list.o
 .debug_line    0x00001f15     0x2a35 ./Output/tasks.o
 .debug_line    0x0000494a      0x844 ./Output/heap_4.o
 .debug_line    0x0000518e      0x535 ./Output/port.o
 .debug_line    0x000056c3      0x223 ./Output/main.o
 .debug_line    0x000058e6      0x2f8 ./Output/uart.o
 .debug_line    0x00005bde      0x202 ./Output/startup.o
 .debug_line    0x00005de0      0x123 /usr/lib/gcc/arm-none-eabi/14.2.0/../../../../arm-none-eabi/lib/thumb/v7-m/nofp/libc_nano.a(libc_a-memset.o)
 .debug_line    0x00005f03      0x196 /usr/lib/gcc/arm-none-eabi/14.2.0/../../../../arm-none-eabi/lib/thumb/v7-m/nofp/libc_nano.a(libc_a-memcpy-stub.o)

.debug_str      0x00000000    0x15c2e
 .debug_str     0x00000000    0x15c2e ./Output/queue.o
                              0x129f6 (size before relaxing)
 .debug_str     0x00015c2e    0x10079 ./Output/list.o
 .debug_str     0x00015c2e    0x137ae ./Output/tasks.o
 .debug_str     0x00015c2e    0x11b6c ./Output/heap_4.o
 .debug_str     0x00015c2e     0xed11 ./Output/port.o
 .debug_str     0x00015c2e     0xed90 ./Output/main.o
 .debug_str     0x00015c2e     0xc6cc ./Output/uart.o
 .debug_str     0x00015c2e     0xc5f1 ./Output/startup.o
 .debug_str     0x00015c2e      0x1b7 /usr/lib/gcc/arm-none-eabi/14.2.0/../../../../arm-none-eabi/lib/thumb/v7-m/nofp/libc_nano.a(libc_a-memset.o)
 .debug_str     0x00015c2e      0x1d5 /usr/lib/gcc/arm-none-eabi/14.2.0/../../../../arm-none-eabi/lib/thumb/v7-m/nofp/libc_nano.a(libc_a-memcpy-stub.o)

.comment        0x00000000       0x1e
 .comment       0x00000000       0x1e ./Output/queue.o
                                 0x1f (size before relaxing)
 .comment       0x0000001e       0x1f ./Output/list.o
 .comment       0x0000001e       0x1f ./Output/tasks.o
 .comment       0x0000001e       0x1f ./Output/heap_4.o
 .comment       0x0000001e       0x1f ./Output/port.o
 .comment       0x0000001e       0x1f ./Output/main.o
 .comment       0x0000001e       0x1f ./Output/uart.o
 .comment       0x0000001e       0x1f ./Output/startup.o
 .comment       0x0000001e       0x1f /usr/lib/gcc/arm-none-eabi/14.2.0/../../../../arm-none-eabi/lib/thumb/v7-m/nofp/libc_nano.a(libc_a-memset.o)
 .comment       0x0000001e       0x1f /usr/lib/gcc/arm-none-eabi/14.2.0/../../../../arm-none-eabi/lib/thumb/v7-m/nofp/libc_nano.a(libc_a-memcpy-stub.o)

.ARM.attributes
                0x00000000       0x2b
 .ARM.attributes
                0x00000000       0x2d ./Output/queue.o
 .ARM.attributes
                0x0000002d       0x2d ./Output/list.o
 .ARM.attributes
                0x0000005a       0x2d ./Output/tasks.o
 .ARM.attributes
                0x00000087       0x2d ./Output/heap_4.o
 .ARM.attributes
                0x000000b4       0x2d ./Output/port.o
 .ARM.attributes
                0x000000e1       0x2d ./Output/main.o
 .ARM.attributes
                0x0000010e       0x2d ./Output/uart.o
 .ARM.attributes
                0x0000013b       0x2d ./Output/startup.o
 .ARM.attributes
                0x00000168       0x2d /usr/lib/gcc/arm-none-eabi/14.2.0/../../../../arm-none-eabi/lib/thumb/v7-m/nofp/libc_nano.a(libc_a-memset.o)
 .ARM.attributes
                0x00000195       0x2d /usr/lib/gcc/arm-none-eabi/14.2.0/../../../../arm-none-eabi/lib/thumb/v7-m/nofp/libc_nano.a(libc_a-memcpy-stub.o)

.debug_frame    0x00000000      0xdf8
 .debug_frame   0x00000000      0x3f8 ./Output/queue.o
 .debug_frame   0x000003f8       0x6c ./Output/list.o
 .debug_frame   0x00000464      0x640 ./Output/tasks.o
 .debug_frame   0x00000aa4       0xe4 ./Output/heap_4.o
 .debug_frame   0x00000b88       0xec ./Output/port.o
 .debug_frame   0x00000c74       0x58 ./Output/main.o
 .debug_frame   0x00000ccc       0x8c ./Output/uart.o
 .debug_frame   0x00000d58       0x58 ./Output/startup.o
 .debug_frame   0x00000db0       0x20 /usr/lib/gcc/arm-none-eabi/14.2.0/../../../../arm-none-eabi/lib/thumb/v7-m/nofp/libc_nano.a(libc_a-memset.o)
 .debug_frame   0x00000dd0       0x28 /usr/lib/gcc/arm-none-eabi/14.2.0/../../../../arm-none-eabi/lib/thumb/v7-m/nofp/libc_nano.a(libc_a-memcpy-stub.o)
